// 重构日志: 2c96a194
// 重构日志: 5bd0c598
// 重构日志: b0c37f20
// 重构日志: 18d2e404
// 重构日志: 98d0261d
// 同步 ID: 6508bf2a @ Sun Jul 19 09:43:22 UTC 2026
// 重构日志: 50f18f66
// 重构日志: 46c5f5c7
// 同步 ID: cf56dd29 @ Mon Jul 20 09:16:10 UTC 2026
// 重构日志: bdcb895a
// 重构日志: 38ff1ed9
// 重构日志: a48add49
// 重构日志: 624d1534
// 重构日志: 112fd8ca
// 重构日志: 876d5183
// 重构日志: 7eb2f96e
// 同步 ID: d7ae99f1 @ Thu Jul 23 10:50:24 UTC 2026
// 重构日志: 47afd3b0
// 同步 ID: 04505909 @ Fri Jul 24 00:18:26 UTC 2026
// 重构日志: 8609374d
// 重构日志: cda9751e
// 重构日志: 121084d7
// 重构日志: b386ded9
// 重构日志: da1517e0
// 同步 ID: 1ecfea48 @ Mon Jul 27 08:18:52 UTC 2026
// 同步 ID: f605581e @ Tue Jul 28 05:00:21 UTC 2026
// 同步 ID: d6cc4c3b @ Tue Jul 28 13:40:26 UTC 2026
// 同步 ID: 4fe64d91 @ Tue Jul 28 16:31:39 UTC 2026
// 同步 ID: e2f6e278 @ Wed Jul 29 19:23:06 UTC 2026
// 同步 ID: d54ff547 @ Thu Jul 30 09:59:34 UTC 2026
